
> @hopon/web@0.1.0 dev
> next dev -p 3001 -H 127.0.0.1

▲ Next.js 16.2.4 (Turbopack)
- Local:         http://127.0.0.1:3001
- Network:       http://127.0.0.1:3001
✓ Ready in 299ms

 GET /trips/e8db13bf-d508-4fbe-9861-f2914af5edde 200 in 479ms (next.js: 334ms, application-code: 145ms)
✓ Compiled in 176ms
[browser] Uncaught TypeError: Cannot read properties of undefined (reading 'appendChild')
    at MapView (components/itinerary/map-view.tsx:74:9)
    at TripDetail (app/trips/[id]/page.tsx:86:20)
  72 |         zoomControl={false}
  73 |       >
> 74 |         <TileLayer
     |         ^
  75 |           attribution='&copy; <a href="https://www.openstreetmap.org/copyright">OpenStreet...
  76 |           url={tileUrl}
  77 |         />
[browser] Uncaught Error: Map container is being reused by another instance
    at MapContainerComponent (<anonymous>)
 GET /trips/e8db13bf-d508-4fbe-9861-f2914af5edde 200 in 61ms (next.js: 18ms, application-code: 43ms)
